[    0.000000] Initializing cgroup subsys cpuset
[    0.000000] Initializing cgroup subsys cpu
[    0.000000] Initializing cgroup subsys cpuacct
[    0.000000] Linux version 4.4.0-210-generic (buildd@lgw01-amd64-009) (gcc version 5.4.0 20160609 (Ubuntu 5.4.0-6ubuntu1~16.04.12) ) #242-Ubuntu SMP Fri Apr 16 09:57:56 UTC 2021 (Ubuntu 4.4.0-210.242-generic 4.4.262)
[    0.000000] Command line: BOOT_IMAGE=/boot/vmlinuz-4.4.0-210-generic root=LABEL=cloudimg-rootfs ro console=tty1 console=ttyS0
[    0.000000] KERNEL supported cpus:
[    0.000000]   Intel GenuineIntel
[    0.000000]   AMD AuthenticAMD
[    0.000000]   Centaur CentaurHauls
[    0.000000] x86/fpu: xstate_offset[2]:  576, xstate_sizes[2]:  256
[    0.000000] x86/fpu: Supporting XSAVE feature 0x01: 'x87 floating point registers'
[    0.000000] x86/fpu: Supporting XSAVE feature 0x02: 'SSE registers'
[    0.000000] x86/fpu: Supporting XSAVE feature 0x04: 'AVX registers'
[    0.000000] x86/fpu: Enabled xstate features 0x7, context size is 832 bytes, using 'standard' format.
[    0.000000] e820: BIOS-provided physical RAM map:
[    0.000000] BIOS-e820: [mem 0x0000000000000000-0x000000000009fbff] usable
[    0.000000] BIOS-e820: [mem 0x000000000009fc00-0x000000000009ffff] reserved
[    0.000000] BIOS-e820: [mem 0x00000000000f0000-0x00000000000fffff] reserved
[    0.000000] BIOS-e820: [mem 0x0000000000100000-0x000000003ffeffff] usable
[    0.000000] BIOS-e820: [mem 0x000000003fff0000-0x000000003fffffff] ACPI data
[    0.000000] BIOS-e820: [mem 0x00000000fec00000-0x00000000fec00fff] reserved
[    0.000000] BIOS-e820: [mem 0x00000000fee00000-0x00000000fee00fff] reserved
[    0.000000] BIOS-e820: [mem 0x00000000fffc0000-0x00000000ffffffff] reserved
[    0.000000] NX (Execute Disable) protection: active
[    0.000000] SMBIOS 2.5 present.
[    0.000000] Hypervisor detected: KVM
[    0.000000] Kernel/User page tables isolation: disabled
[    0.000000] e820: last_pfn = 0x3fff0 max_arch_pfn = 0x400000000
[    0.000000] MTRR: Disabled
[    0.000000] x86/PAT: MTRRs disabled, skipping PAT initialization too.
[    0.000000] CPU MTRRs all blank - virtualized system.
[    0.000000] x86/PAT: Configuration [0-7]: WB  WT  UC- UC  WB  WT  UC- UC  
[    0.000000] found SMP MP-table at [mem 0x0009fff0-0x0009ffff] mapped at [ffff88000009fff0]
[    0.000000] Scanning 1 areas for low memory corruption
[    0.000000] RAMDISK: [mem 0x362dc000-0x37165fff]
[    0.000000] ACPI: Early table checksum verification disabled
[    0.000000] ACPI: RSDP 0x00000000000E0000 000024 (v02 VBOX  )
[    0.000000] ACPI: XSDT 0x000000003FFF0030 00003C (v01 VBOX   VBOXXSDT 00000001 ASL  00000061)
[    0.000000] ACPI: FACP 0x000000003FFF00F0 0000F4 (v04 VBOX   VBOXFACP 00000001 ASL  00000061)
[    0.000000] ACPI: DSDT 0x000000003FFF0610 002353 (v02 VBOX   VBOXBIOS 00000002 INTL 20100528)
[    0.000000] ACPI: FACS 0x000000003FFF0200 000040
[    0.000000] ACPI: FACS 0x000000003FFF0200 000040
[    0.000000] ACPI: APIC 0x000000003FFF0240 00005C (v02 VBOX   VBOXAPIC 00000001 ASL  00000061)
[    0.000000] ACPI: SSDT 0x000000003FFF02A0 00036C (v01 VBOX   VBOXCPUT 00000002 INTL 20100528)
[    0.000000] No NUMA configuration found
[    0.000000] Faking a node at [mem 0x0000000000000000-0x000000003ffeffff]
[    0.000000] NODE_DATA(0) allocated [mem 0x3ffeb000-0x3ffeffff]
[    0.000000] kvm-clock: Using msrs 4b564d01 and 4b564d00
[    0.000000] kvm-clock: cpu 0, msr 0:3ffe3001, primary cpu clock
[    0.000000] kvm-clock: using sched offset of 2989558074 cycles
[    0.000000] clocksource: kvm-clock: mask: 0xffffffffffffffff max_cycles: 0x1cd42e4dffb, max_idle_ns: 881590591483 ns
[    0.000000] Zone ranges:
[    0.000000]   DMA      [mem 0x0000000000001000-0x0000000000ffffff]
[    0.000000]   DMA32    [mem 0x0000000001000000-0x000000003ffeffff]
[    0.000000]   Normal   empty
[    0.000000]   Device   empty
[    0.000000] Movable zone start for each node
[    0.000000] Early memory node ranges
[    0.000000]   node   0: [mem 0x0000000000001000-0x000000000009efff]
[    0.000000]   node   0: [mem 0x0000000000100000-0x000000003ffeffff]
[    0.000000] Initmem setup node 0 [mem 0x0000000000001000-0x000000003ffeffff]
[    0.000000] ACPI: PM-Timer IO Port: 0x4008
[    0.000000] IOAPIC[0]: apic_id 2, version 32, address 0xfec00000, GSI 0-23
[    0.000000] ACPI: INT_SRC_OVR (bus 0 bus_irq 0 global_irq 2 dfl dfl)
[    0.000000] ACPI: INT_SRC_OVR (bus 0 bus_irq 9 global_irq 9 low level)
[    0.000000] Using ACPI (MADT) for SMP configuration information
[    0.000000] smpboot: Allowing 2 CPUs, 0 hotplug CPUs
[    0.000000] PM: Registered nosave memory: [mem 0x00000000-0x00000fff]
[    0.000000] PM: Registered nosave memory: [mem 0x0009f000-0x0009ffff]
[    0.000000] PM: Registered nosave memory: [mem 0x000a0000-0x000effff]
[    0.000000] PM: Registered nosave memory: [mem 0x000f0000-0x000fffff]
[    0.000000] e820: [mem 0x40000000-0xfebfffff] available for PCI devices
[    0.000000] Booting paravirtualized kernel on KVM
[    0.000000] clocksource: refined-jiffies: mask: 0xffffffff max_cycles: 0xffffffff, max_idle_ns: 7645519600211568 ns
[    0.000000] setup_percpu: NR_CPUS:512 nr_cpumask_bits:512 nr_cpu_ids:2 nr_node_ids:1
[    0.000000] PERCPU: Embedded 33 pages/cpu @ffff88003fc00000 s95192 r8192 d31784 u1048576
[    0.000000] Built 1 zonelists in Node order, mobility grouping on.  Total pages: 257912
[    0.000000] Policy zone: DMA32
[    0.000000] Kernel command line: BOOT_IMAGE=/boot/vmlinuz-4.4.0-210-generic root=LABEL=cloudimg-rootfs ro console=tty1 console=ttyS0
[    0.000000] PID hash table entries: 4096 (order: 3, 32768 bytes)
[    0.000000] Memory: 997792K/1048120K available (8644K kernel code, 1332K rwdata, 4044K rodata, 1492K init, 1164K bss, 50328K reserved, 0K cma-reserved)
[    0.000000] SLUB: HWalign=64, Order=0-3, MinObjects=0, CPUs=2, Nodes=1
[    0.000000] Hierarchical RCU implementation.
[    0.000000] 	Build-time adjustment of leaf fanout to 64.
[    0.000000] 	RCU restricting CPUs from NR_CPUS=512 to nr_cpu_ids=2.
[    0.000000] RCU: Adjusting geometry for rcu_fanout_leaf=64, nr_cpu_ids=2
[    0.000000] NR_IRQS:33024 nr_irqs:440 16
[    0.000000] Console: colour VGA+ 80x25
[    0.000000] console [tty1] enabled
[    0.000000] console [ttyS0] enabled
[    0.000000] tsc: Detected 2419.200 MHz processor
[    0.098198] Calibrating delay loop (skipped) preset value.. 4838.40 BogoMIPS (lpj=9676800)
[    0.099434] pid_max: default: 32768 minimum: 301
[    0.100067] ACPI: Core revision 20150930
[    0.101239] ACPI: 2 ACPI AML tables successfully acquired and loaded
[    0.102141] Security Framework initialized
[    0.102710] Yama: becoming mindful.
[    0.103200] AppArmor: AppArmor initialized
[    0.103783] Dentry cache hash table entries: 131072 (order: 8, 1048576 bytes)
[    0.104711] Inode-cache hash table entries: 65536 (order: 7, 524288 bytes)
[    0.108000] Mount-cache hash table entries: 2048 (order: 2, 16384 bytes)
[    0.108906] Mountpoint-cache hash table entries: 2048 (order: 2, 16384 bytes)
[    0.109875] Initializing cgroup subsys io
[    0.110427] Initializing cgroup subsys memory
[    0.110992] Initializing cgroup subsys devices
[    0.111559] Initializing cgroup subsys freezer
[    0.112128] Initializing cgroup subsys net_cls
[    0.112811] Initializing cgroup subsys perf_event
[    0.113430] Initializing cgroup subsys net_prio
[    0.114059] Initializing cgroup subsys hugetlb
[    0.114649] Initializing cgroup subsys pids
[    0.119523] mce: CPU supports 0 MCE banks
[    0.120108] Last level iTLB entries: 4KB 0, 2MB 0, 4MB 0
[    0.120797] Last level dTLB entries: 4KB 0, 2MB 0, 4MB 0, 1GB 0
[    0.121517] Spectre V1 : Mitigation: usercopy/swapgs barriers and __user pointer sanitization
[    0.122727] Spectre V2 : Mitigation: Full generic retpoline
[    0.123420] Spectre V2 : Spectre v2 / SpectreRSB mitigation: Filling RSB on context switch
[    0.124505] Speculative Store Bypass: Vulnerable
[    0.127108] Freeing SMP alternatives memory: 36K
[    0.132351] ftrace: allocating 32380 entries in 127 pages
[    0.183273] smpboot: APIC(0) Converting physical 0 to logical package 0
[    0.184340] smpboot: Max logical packages: 1
[    0.185210] x2apic enabled
[    0.185960] Switched APIC routing to physical x2apic.
[    0.187555] ..TIMER: vector=0x30 apic1=0 pin1=2 apic2=-1 pin2=-1
[    0.296413] smpboot: CPU0: 11th Gen Intel(R) Core(TM) i5-1135G7 @ 2.40GHz (family: 0x6, model: 0x8c, stepping: 0x1)
[    0.298217] Performance Events: unsupported p6 CPU model 140 no PMU driver, software events only.
[    0.306976] KVM setup paravirtual spinlock
[    0.308361] x86: Booting SMP configuration:
[    0.308986] .... node  #0, CPUs:      #1
[    0.309707] kvm-clock: cpu 1, msr 0:3ffe3041, secondary cpu clock
[    0.314699] mce: CPU supports 0 MCE banks
[    0.317101] x86: Booted up 1 node, 2 CPUs
[    0.317787] smpboot: Total of 2 processors activated (9676.80 BogoMIPS)
[    0.319069] devtmpfs: initialized
[    0.320402] evm: security.selinux
[    0.320937] evm: security.SMACK64
[    0.321406] evm: security.SMACK64EXEC
[    0.321938] evm: security.SMACK64TRANSMUTE
[    0.322478] evm: security.SMACK64MMAP
[    0.323013] evm: security.ima
[    0.323489] evm: security.capability
[    0.324251] clocksource: jiffies: mask: 0xffffffff max_cycles: 0xffffffff, max_idle_ns: 7645041785100000 ns
[    0.325636] futex hash table entries: 512 (order: 3, 32768 bytes)
[    0.326657] pinctrl core: initialized pinctrl subsystem
[    0.327460] RTC time:  6:35:33, date: 05/17/24
[    0.330785] NET: Registered protocol family 16
[    0.342271] cpuidle: using governor ladder
[    0.354267] cpuidle: using governor menu
[    0.354916] PCCT header not found.
[    0.355731] ACPI: bus type PCI registered
[    0.356445] acpiphp: ACPI Hot Plug PCI Controller Driver version: 0.5
[    0.357652] PCI: Using configuration type 1 for base access
[    0.371868] ACPI: Added _OSI(Module Device)
[    0.372476] ACPI: Added _OSI(Processor Device)
[    0.373119] ACPI: Added _OSI(3.0 _SCP Extensions)
[    0.373855] ACPI: Added _OSI(Processor Aggregator Device)
[    0.375138] ACPI: Executed 1 blocks of module-level executable AML code
[    0.377718] ACPI: Interpreter enabled
[    0.378308] ACPI: (supports S0 S5)
[    0.378843] ACPI: Using IOAPIC for interrupt routing
[    0.379647] PCI: Using host bridge windows from ACPI; if necessary, use "pci=nocrs" and report a bug
[    0.383680] ACPI: PCI Root Bridge [PCI0] (domain 0000 [bus 00-ff])
[    0.384526] acpi PNP0A03:00: _OSC: OS supports [ASPM ClockPM Segments MSI]
[    0.385649] acpi PNP0A03:00: _OSC: not requesting OS control; OS requires [ExtendedConfig ASPM ClockPM MSI]
[    0.386928] acpi PNP0A03:00: fail to add MMCONFIG information, can't access extended PCI configuration space under this bridge.
[    0.388583] PCI host bridge to bus 0000:00
[    0.389187] pci_bus 0000:00: root bus resource [io  0x0000-0x0cf7 window]
[    0.389995] pci_bus 0000:00: root bus resource [io  0x0d00-0xffff window]
[    0.390810] pci_bus 0000:00: root bus resource [mem 0x000a0000-0x000bffff window]
[    0.391835] pci_bus 0000:00: root bus resource [mem 0x40000000-0xfdffffff window]
[    0.392891] pci_bus 0000:00: root bus resource [bus 00-ff]
[    0.394723] pci 0000:00:01.1: legacy IDE quirk: reg 0x10: [io  0x01f0-0x01f7]
[    0.395615] pci 0000:00:01.1: legacy IDE quirk: reg 0x14: [io  0x03f6]
[    0.396447] pci 0000:00:01.1: legacy IDE quirk: reg 0x18: [io  0x0170-0x0177]
[    0.397434] pci 0000:00:01.1: legacy IDE quirk: reg 0x1c: [io  0x0376]
[    0.408483] pci 0000:00:07.0: quirk: [io  0x4000-0x403f] claimed by PIIX4 ACPI
[    0.415865] pci 0000:00:07.0: quirk: [io  0x4100-0x410f] claimed by PIIX4 SMB
[    0.420794] ACPI: PCI Interrupt Link [LNKA] (IRQs 5 9 10 *11)
[    0.421933] ACPI: PCI Interrupt Link [LNKB] (IRQs 5 9 *10 11)
[    0.422940] ACPI: PCI Interrupt Link [LNKC] (IRQs 5 *9 10 11)
[    0.423934] ACPI: PCI Interrupt Link [LNKD] (IRQs 5 9 10 *11)
[    0.424968] ACPI: Enabled 2 GPEs in block 00 to 07
[    0.425999] vgaarb: setting as boot device: PCI:0000:00:02.0
[    0.426696] vgaarb: device added: PCI:0000:00:02.0,decodes=io+mem,owns=io+mem,locks=none
[    0.427782] vgaarb: loaded
[    0.428221] vgaarb: bridge control possible 0000:00:02.0
[    0.429071] SCSI subsystem initialized
[    0.429880] ACPI: bus type USB registered
[    0.430472] usbcore: registered new interface driver usbfs
[    0.431156] usbcore: registered new interface driver hub
[    0.431826] usbcore: registered new device driver usb
[    0.432933] PCI: Using ACPI for IRQ routing
[    0.433722] NetLabel: Initializing
[    0.434197] NetLabel:  domain hash size = 128
[    0.434781] NetLabel:  protocols = UNLABELED CIPSOv4
[    0.435435] NetLabel:  unlabeled traffic allowed by default
[    0.436400] amd_nb: Cannot enumerate AMD northbridges
[    0.437209] clocksource: Switched to clocksource kvm-clock
[    0.447017] AppArmor: AppArmor Filesystem Enabled
[    0.447717] pnp: PnP ACPI init
[    0.448752] pnp: PnP ACPI: found 3 devices
[    0.458713] clocksource: acpi_pm: mask: 0xffffff max_cycles: 0xffffff, max_idle_ns: 2085701024 ns
[    0.460001] NET: Registered protocol family 2
[    0.460737] TCP established hash table entries: 8192 (order: 4, 65536 bytes)
[    0.461717] TCP bind hash table entries: 8192 (order: 5, 131072 bytes)
[    0.462604] TCP: Hash tables configured (established 8192 bind 8192)
[    0.463502] UDP hash table entries: 512 (order: 2, 16384 bytes)
[    0.464310] UDP-Lite hash table entries: 512 (order: 2, 16384 bytes)
[    0.465189] NET: Registered protocol family 1
[    0.465867] pci 0000:00:00.0: Limiting direct PCI/PCI transfers
[    0.466683] pci 0000:00:01.0: Activating ISA DMA hang workarounds
[    0.470015] Unpacking initramfs...
[    0.662732] Freeing initrd memory: 14888K
[    0.663517] clocksource: tsc: mask: 0xffffffffffffffff max_cycles: 0x22df1149949, max_idle_ns: 440795312789 ns
[    0.665185] platform rtc_cmos: registered platform RTC device (no PNP device found)
[    0.666569] Scanning for low memory corruption every 60 seconds
[    0.667768] audit: initializing netlink subsys (disabled)
[    0.668466] audit: type=2000 audit(1715927738.216:1): initialized
[    0.669385] Initialise system trusted keyring
[    0.670256] HugeTLB registered 2 MB page size, pre-allocated 0 pages
[    0.671941] zbud: loaded
[    0.672713] VFS: Disk quotas dquot_6.6.0
[    0.673257] VFS: Dquot-cache hash table entries: 512 (order 0, 4096 bytes)
[    0.674252] squashfs: version 4.0 (2009/01/31) Phillip Lougher
[    0.677655] fuse init (API version 7.23)
[    0.678362] Key type big_key registered
[    0.678894] Allocating IMA MOK and blacklist keyrings.
[    0.680602] Key type asymmetric registered
[    0.681238] Asymmetric key parser 'x509' registered
[    0.681966] Block layer SCSI generic (bsg) driver version 0.4 loaded (major 249)
[    0.683111] io scheduler noop registered
[    0.683668] io scheduler deadline registered (default)
[    0.684342] io scheduler cfq registered
[    0.684944] pci_hotplug: PCI Hot Plug PCI Core version: 0.5
[    0.685720] pciehp: PCI Express Hot Plug Controller Driver version: 0.4
[    0.686657] ACPI: AC Adapter [AC] (on-line)
[    0.687305] input: Power Button as /devices/LNXSYSTM:00/LNXPWRBN:00/input/input0
[    0.688306] ACPI: Power Button [PWRF]
[    0.688865] input: Sleep Button as /devices/LNXSYSTM:00/LNXSLPBN:00/input/input1
[    0.689927] ACPI: Sleep Button [SLPF]
[    0.690662] GHES: HEST is not enabled!
[    0.691151] ACPI: Battery Slot [BAT0] (battery present)
[    0.692058] Serial: 8250/16550 driver, 32 ports, IRQ sharing enabled
[    0.713194] 00:02: ttyS0 at I/O 0x3f8 (irq = 4, base_baud = 115200) is a 16550A
[    0.716672] Linux agpgart interface v0.103
[    0.718422] loop: module loaded
[    0.719335] scsi host0: ata_piix
[    0.719943] scsi host1: ata_piix
[    0.720490] ata1: PATA max UDMA/33 cmd 0x1f0 ctl 0x3f6 bmdma 0xd000 irq 14
[    0.721387] ata2: PATA max UDMA/33 cmd 0x170 ctl 0x376 bmdma 0xd008 irq 15
[    0.722396] libphy: Fixed MDIO Bus: probed
[    0.723032] tun: Universal TUN/TAP device driver, 1.6
[    0.723814] tun: (C) 1999-2004 Max Krasnyansky <maxk@qualcomm.com>
[    0.724716] PPP generic driver version 2.4.2
[    0.725456] ehci_hcd: USB 2.0 'Enhanced' Host Controller (EHCI) Driver
[    0.726332] ehci-pci: EHCI PCI platform driver
[    0.726991] ehci-platform: EHCI generic platform driver
[    0.727736] ohci_hcd: USB 1.1 'Open' Host Controller (OHCI) Driver
[    0.728569] ohci-pci: OHCI PCI platform driver
[    0.729229] ohci-platform: OHCI generic platform driver
[    0.729991] uhci_hcd: USB Universal Host Controller Interface driver
[    0.730867] i8042: PNP: PS/2 Controller [PNP0303:PS2K,PNP0f03:PS2M] at 0x60,0x64 irq 1,12
[    0.732373] serio: i8042 KBD port at 0x60,0x64 irq 1
[    0.733079] serio: i8042 AUX port at 0x60,0x64 irq 12
[    0.733924] mousedev: PS/2 mouse device common for all mice
[    0.734938] input: AT Translated Set 2 keyboard as /devices/platform/i8042/serio0/input/input2
[    0.736472] rtc_cmos rtc_cmos: rtc core: registered rtc_cmos as rtc0
[    0.737388] rtc_cmos rtc_cmos: alarms up to one day, 114 bytes nvram
[    0.738248] i2c /dev entries driver
[    0.738840] device-mapper: uevent: version 1.0.3
[    0.739626] device-mapper: ioctl: 4.34.0-ioctl (2015-10-28) initialised: dm-devel@redhat.com
[    0.740782] ledtrig-cpu: registered to indicate activity on CPUs
[    0.741846] NET: Registered protocol family 10
[    0.742586] NET: Registered protocol family 17
[    0.743172] Key type dns_resolver registered
[    0.744231] registered taskstats version 1
[    0.744820] Loading compiled-in X.509 certificates
[    0.745898] Loaded X.509 cert 'Build time autogenerated kernel key: cf00e047681d67edb2720680708b7d9498083038'
[    0.747197] zswap: loaded using pool lzo/zbud
[    0.749314] Key type trusted registered
[    0.752209] Key type encrypted registered
[    0.752939] AppArmor: AppArmor sha1 policy hashing enabled
[    0.753774] ima: No TPM chip found, activating TPM-bypass!
[    0.754563] ima: Allocated hash algorithm: sha1
[    0.755253] evm: HMAC attrs: 0x1
[    0.756005]   Magic number: 8:933:569
[    0.756665] rtc_cmos rtc_cmos: setting system clock to 2024-05-17 06:35:33 UTC (1715927733)
[    0.758022] BIOS EDD facility v0.16 2004-Jun-25, 0 devices found
[    0.758839] EDD information not available.
[    0.901559] Freeing unused kernel memory: 1492K
[    0.902445] Write protecting the kernel read-only data: 14336k
[    0.903933] Freeing unused kernel memory: 1584K
[    0.904913] Freeing unused kernel memory: 52K
Loading, please wait...
starting version 229
[    0.916506] random: systemd-udevd: uninitialized urandom read (16 bytes read, 3 bits of entropy available)
[    0.916870] random: udevadm: uninitialized urandom read (16 bytes read, 3 bits of entropy available)
[    0.916886] random: udevadm: uninitialized urandom read (16 bytes read, 3 bits of entropy available)
[    0.920551] random: systemd-udevd: uninitialized urandom read (16 bytes read, 3 bits of entropy available)
[    0.921911] random: systemd-udevd: uninitialized urandom read (16 bytes read, 3 bits of entropy available)
[    0.922348] random: udevadm: uninitialized urandom read (16 bytes read, 3 bits of entropy available)
[    0.922383] random: udevadm: uninitialized urandom read (16 bytes read, 3 bits of entropy available)
[    0.922477] random: udevadm: uninitialized urandom read (16 bytes read, 3 bits of entropy available)
[    0.922512] random: udevadm: uninitialized urandom read (16 bytes read, 3 bits of entropy available)
[    0.922546] random: udevadm: uninitialized urandom read (16 bytes read, 3 bits of entropy available)
[    0.951638] Fusion MPT base driver 3.04.20
[    0.952447] Copyright (c) 1999-2008 LSI Corporation
[    0.954704] e1000: Intel(R) PRO/1000 Network Driver - version 7.3.21-k8-NAPI
[    0.955653] e1000: Copyright (c) 1999-2006 Intel Corporation.
[    0.962668] AVX2 version of gcm_enc/dec engaged.
[    0.963372] AES CTR mode by8 optimization enabled
[    0.965041] Fusion MPT SPI Host driver 3.04.20
[    1.156042] input: ImExPS/2 Generic Explorer Mouse as /devices/platform/i8042/serio1/input/input4
[    1.285200] e1000 0000:00:03.0 eth0: (PCI:33MHz:32-bit) 02:be:82:6b:cc:1d
[    1.286396] e1000 0000:00:03.0 eth0: Intel(R) PRO/1000 Network Connection
[    1.288108] mptbase: ioc0: Initiating bringup
[    1.288167] e1000 0000:00:03.0 enp0s3: renamed from eth0
[    1.988580] ioc0: LSI53C1030 A0: Capabilities={Initiator}
[    4.610736] scsi host2: ioc0: LSI53C1030 A0, FwRev=00000000h, Ports=1, MaxQ=256, IRQ=20
[    6.066197] scsi 2:0:0:0: Direct-Access     VBOX     HARDDISK         1.0  PQ: 0 ANSI: 5
[    6.069209] scsi target2:0:0: Beginning Domain Validation
[    6.072563] scsi target2:0:0: Domain Validation skipping write tests
[    6.073420] scsi target2:0:0: Ending Domain Validation
[    6.074198] scsi target2:0:0: asynchronous
[    6.075131] scsi 2:0:1:0: Direct-Access     VBOX     HARDDISK         1.0  PQ: 0 ANSI: 5
[    6.076250] scsi target2:0:1: Beginning Domain Validation
[    6.079566] scsi target2:0:1: Domain Validation skipping write tests
[    6.080443] scsi target2:0:1: Ending Domain Validation
[    6.081171] scsi target2:0:1: asynchronous
[    6.086583] sd 2:0:0:0: Attached scsi generic sg0 type 0
[    6.094368] sd 2:0:0:0: [sda] 83886080 512-byte logical blocks: (42.9 GB/40.0 GiB)
[    6.094429] sd 2:0:1:0: Attached scsi generic sg1 type 0
[    6.096372] sd 2:0:1:0: [sdb] 20480 512-byte logical blocks: (10.5 MB/10.0 MiB)
[    6.097851] sd 2:0:0:0: [sda] Write Protect is off
[    6.099111] sd 2:0:1:0: [sdb] Write Protect is off
[    6.099989] sd 2:0:0:0: [sda] Incomplete mode parameter data
[    6.100790] sd 2:0:0:0: [sda] Assuming drive cache: write through
[    6.101633] sd 2:0:1:0: [sdb] Incomplete mode parameter data
[    6.102415] sd 2:0:1:0: [sdb] Assuming drive cache: write through
[    6.106921]  sda: sda1
[    6.108613] sd 2:0:0:0: [sda] Attached SCSI disk
[    6.109305] sd 2:0:1:0: [sdb] Attached SCSI disk
Begin: Loading essential drivers ... [    7.324067] md: linear personality registered for level -1
[    7.326639] md: multipath personality registered for level -4
[    7.329127] md: raid0 personality registered for level 0
[    7.332339] md: raid1 personality registered for level 1
[    7.401270] raid6: sse2x1   gen() 14975 MB/s
[    7.469215] raid6: sse2x1   xor() 11014 MB/s
[    7.537266] raid6: sse2x2   gen() 22303 MB/s
[    7.605243] raid6: sse2x2   xor() 15171 MB/s
[    7.673249] raid6: sse2x4   gen() 21309 MB/s
[    7.741257] raid6: sse2x4   xor() 14619 MB/s
[    7.809262] raid6: avx2x1   gen() 29621 MB/s
[    7.877270] raid6: avx2x2   gen() 38215 MB/s
[    7.945258] raid6: avx2x4   gen() 38968 MB/s
[    7.946061] raid6: using algorithm avx2x4 gen() 38968 MB/s
[    7.946883] raid6: using avx2x2 recovery algorithm
[    7.948890] xor: automatically using best checksumming function:
[    7.989826]    avx       : 34708.000 MB/sec
[    7.991546] async_tx: api initialized (async)
[    7.999482] md: raid6 personality registered for level 6
[    8.000232] md: raid5 personality registered for level 5
[    8.000945] md: raid4 personality registered for level 4
[    8.006151] md: raid10 personality registered for level 10
done.
Begin: Running /scripts/init-premount ... done.
Begin: Mounting root file system ... Begin: Running /scripts/local-top ... done.
Begin: Running /scripts/local-premount ... [    8.028389] Btrfs loaded
Scanning for Btrfs filesystems
done.
Warning: fsck not present, so skipping root file system
[    8.050316] EXT4-fs (sda1): mounted filesystem with ordered data mode. Opts: (null)
done.
Begin: Running /scripts/local-bottom ... done.
Begin: Running /scripts/init-bottom ... done.
[    8.107609] systemd[1]: systemd 229 running in system mode. (+PAM +AUDIT +SELINUX +IMA +APPARMOR +SMACK +SYSVINIT +UTMP +LIBCRYPTSETUP +GCRYPT +GNUTLS +ACL +XZ -LZ4 +SECCOMP +BLKID +ELFUTILS +KMOD -IDN)
[    8.109975] systemd[1]: Detected virtualization oracle.
[    8.110713] systemd[1]: Detected architecture x86-64.

Welcome to [1mUbuntu 16.04.7 LTS[0m!

[    8.113145] systemd[1]: Set hostname to <ubuntu>.
[    8.114823] systemd[1]: Initializing machine ID from random generator.
[    8.115687] systemd[1]: Installed transient /etc/machine-id file.
[    8.191262] systemd[1]: Listening on /dev/initctl Compatibility Named Pipe.
[[0;32m  OK  [0m] Listening on /dev/initctl Compatibility Named Pipe.
[    8.192865] systemd[1]: Reached target System Time Synchronized.
[[0;32m  OK  [0m] Reached target System Time Synchronized.
[    8.194243] systemd[1]: Listening on Journal Socket.
[[0;32m  OK  [0m] Listening on Journal Socket.
[    8.195431] systemd[1]: Listening on fsck to fsckd communication Socket.
[[0;32m  OK  [0m] Listening on fsck to fsckd communication Socket.
[    8.196908] systemd[1]: Started Forward Password Requests to Wall Directory Watch.
[[0;32m  OK  [0m] Started Forward Password Requests to Wall Directory Watch.
[    8.198643] systemd[1]: Listening on Journal Socket (/dev/log).
[[0;32m  OK  [0m] Listening on Journal Socket (/dev/log).
[    8.199929] systemd[1]: Listening on udev Kernel Socket.
[[0;32m  OK  [0m] Listening on udev Kernel Socket.
[    8.201162] systemd[1]: Reached target Swap.
[[0;32m  OK  [0m] Reached target Swap.
[    8.202277] systemd[1]: Listening on Syslog Socket.
[[0;32m  OK  [0m] Listening on Syslog Socket.
[    8.203398] systemd[1]: Listening on LVM2 poll daemon socket.
[[0;32m  OK  [0m] Listening on LVM2 poll daemon socket.
[    8.204835] systemd[1]: Created slice User and Session Slice.
[[0;32m  OK  [0m] Created slice User and Session Slice.
[    8.206317] systemd[1]: Set up automount Arbitrary Executable File Formats File System Automount Point.
[[0;32m  OK  [0m] Set up automount Arbitrary Executab...ats File System Automount Point.
[    8.208376] systemd[1]: Listening on Journal Audit Socket.
[[0;32m  OK  [0m] Listening on Journal Audit Socket.
[    8.209641] systemd[1]: Reached target User and Group Name Lookups.
[[0;32m  OK  [0m] Reached target User and Group Name Lookups.
[    8.211067] systemd[1]: Listening on LVM2 metadata daemon socket.
[[0;32m  OK  [0m] Listening on LVM2 metadata daemon socket.
[    8.212654] systemd[1]: Created slice System Slice.
[[0;32m  OK  [0m] Created slice System Slice.
[    8.225666] systemd[1]: Starting Load Kernel Modules...
         Starting Load Kernel Modules...
[    8.227453] systemd[1]: Mounting Debug File System...
         Mounting Debug File System...
[    8.229039] systemd[1]: Created slice system-serial\x2dgetty.slice.
[[0;32m  OK  [0m] Created slice system-serial\x2dgetty.slice.
[    8.230932] systemd[1]: Reached target Slices.
[[0;32m  OK  [0m] Reached target Slices.
[    8.232513] systemd[1]: Starting File System Check on Root Device...
         Starting File System Check on Root Device...
[    8.234451] Loading iSCSI transport class v2.0-870.
[    8.237490] systemd[1]: Starting Set console keymap...
         Starting Set console keymap...
[    8.240219] systemd[1]: Starting Journal Service...
         Starting Journal Service...
[    8.243110] systemd[1]: Mounting Huge Pages File System...
         Mounting Huge Pages File System...
[    8.245028] systemd[1]: Starting Uncomplicated firewall...
         Starting Uncomplicated firewall...
[    8.250134] systemd[1]: Starting Nameserver information manager...
[    8.251080] iscsi: registered transport (tcp)
         Starting Nameserver information manager...
[    8.252570] systemd[1]: Started Trigger resolvconf update for networkd DNS.
[[0;32m  OK  [0m] Started Trigger resolvconf update for networkd DNS.
[    8.254237] systemd[1]: Listening on udev Control Socket.
[[0;32m  OK  [0m] Listening on udev Control Socket.
[    8.255981] systemd[1]: Starting Create list of required static device nodes for the current kernel...
         Starting Create list of required st... nodes for the current kernel...
[    8.257993] systemd[1]: Reached target Encrypted Volumes.
[[0;32m  OK  [0m] Reached target Encrypted Volumes.
[    8.259331] systemd[1]: Listening on Device-mapper event daemon FIFOs.
[[0;32m  OK  [0m] Listening on Device-mapper event daemon FIFOs.
[    8.261207] systemd[1]: Starting Monitoring of LVM2 mirrors, snapshots etc. using dmeventd or progress polling...
         Starting Monitoring of LVM2 mirrors... dmeventd or progress polling...
[    8.263858] systemd[1]: Mounting POSIX Message Queue File System...
         Mounting POSIX Message Queue File System...
[    8.267866] systemd[1]: Mounted Huge Pages File System.
[[0;32m  OK  [0m] Mounted Huge Pages File System.
[    8.269429] systemd[1]: Mounted Debug File System.
[[0;32m  OK  [0m] Mounted Debug File System.
[    8.271051] systemd[1]: Mounted POSIX Message Queue File System.
[[0;32m  OK  [0m] Mounted POSIX Message Queue File System.
[    8.273375] systemd[1]: Started Uncomplicated firewall.
[[0;32m  OK  [0m] Started Uncomplicated firewall.
[    8.278410] systemd[1]: Started Create list of required static device nodes for the current kernel.
[[0;32m  OK  [0m] Started Create list of required sta...ce nodes for the current kernel.
[    8.280686] systemd[1]: Started Nameserver information manager.
[[0;32m  OK  [0m] Started Nameserver information manager.
[    8.283705] systemd[1]: Started LVM2 metadata daemon.
[[0;32m  OK  [0m] Started LVM2 metadata daemon.
[    8.285846] systemd[1]: Started File System Check Daemon to report status.
[[0;32m  OK  [0m] Started File System Check Daemon to report status.
[    8.288626] systemd[1]: Starting Create Static Device Nodes in /dev...
         Starting Create Static Device Nodes in /dev...
[    8.292830] systemd[1]: Started File System Check on Root Device.
[[0;32m  OK  [0m] Started File System Check on Root Device.
[    8.294908] systemd[1]: Starting Remount Root and Kernel File Systems...
         Starting Remount Root and Kernel File Systems...
[    8.298323] EXT4-fs (sda1): re-mounted. Opts: (null)
[    8.300050] systemd[1]: Started Remount Root and Kernel File Systems.
[[0;32m  OK  [0m] Started Remount Root and Kernel File Systems.
[    8.302036] systemd[1]: Starting Load/Save Random Seed...
         Starting Load/Save Random Seed...
[    8.304431] systemd[1]: Starting udev Coldplug all Devices...
         Starting udev Coldplug all Devices...
[    8.307560] systemd[1]: Started Create Static Device Nodes in /dev.
[[0;32m  OK  [0m] Started Create Static Device Nodes in /dev.
[    8.310729] systemd[1]: Starting udev Kernel Device Manager...
         Starting udev Kernel Device Manager...
[    8.313594] systemd[1]: Started Load/Save Random Seed.
[[0;32m  OK  [0m] Started Load/Save Random Seed.
[    8.321677] iscsi: registered transport (iser)
[    8.322905] systemd[1]: Started Load Kernel Modules.
[[0;32m  OK  [0m] Started Load Kernel Modules.
[    8.324602] systemd[1]: Starting Apply Kernel Variables...
         Starting Apply Kernel Variables...
[    8.326505] systemd[1]: Mounting FUSE Control File System...
         Mounting FUSE Control File System...
[    8.329947] systemd[1]: Mounted FUSE Control File System.
[[0;32m  OK  [0m] Mounted FUSE Control File System.
[[0;32m  OK  [0m] Started Apply Kernel Variables.
[[0;32m  OK  [0m] Started Set console keymap.
[[0;32m  OK  [0m] Started Journal Service.
         Starting Flush Journal to Persistent Storage...
[[0;32m  OK  [0m] Started Flush Journal to Persistent Storage.
[[0;32m  OK  [0m] Started udev Kernel Device Manager.
[[0;32m  OK  [0m] Started udev Coldplug all Devices.
[[0;32m  OK  [0m] Started Dispatch Password Requests to Console Directory Watch.
[[0;32m  OK  [0m] Found device /dev/ttyS0.
[[0;32m  OK  [0m] Listening on Load/Save RF Kill Switch Status /dev/rfkill Watch.
[[0;32m  OK  [0m] Started Monitoring of LVM2 mirrors,...ng dmeventd or progress polling.
[[0;32m  OK  [0m] Reached target Local File Systems (Pre).
[[0;32m  OK  [0m] Reached target Local File Systems.
         Starting Initial cloud-init job (pre-networking)...
         Starting Tell Plymouth To Write Out Runtime Data...
         Starting Set console font and keymap...
         Starting Create Volatile Files and Directories...
         Starting LSB: AppArmor initialization...
         Starting Commit a transient machine-id on disk...
[[0;32m  OK  [0m] Started Tell Plymouth To Write Out Runtime Data.
[[0;32m  OK  [0m] Started Create Volatile Files and Directories.
         Starting Update UTMP about System Boot/Shutdown...
[[0;32m  OK  [0m] Started Update UTMP about System Boot/Shutdown.
[[0;32m  OK  [0m] Started Commit a transient machine-id on disk.
[[0;32m  OK  [0m] Started Set console font and keymap.
[[0;32m  OK  [0m] Created slice system-getty.slice.
[[0;32m  OK  [0m] Started LSB: AppArmor initialization.
         Starting Load AppArmor profiles managed internally by snapd...
[[0;32m  OK  [0m] Started Load AppArmor profiles managed internally by snapd.
[    9.344925] cloud-init[605]: Cloud-init v. 21.1-19-gbad84ad4-0ubuntu1~16.04.2 running 'init-local' at Fri, 17 May 2024 06:35:41 +0000. Up 9.12 seconds.
[[0;32m  OK  [0m] Started Initial cloud-init job (pre-networking).
[[0;32m  OK  [0m] Reached target Network (Pre).
         Starting Raise network interfaces...
[[0;32m  OK  [0m] Started Raise network interfaces.
[[0;32m  OK  [0m] Reached target Network.
         Starting Initial cloud-init job (metadata service crawler)...
[   10.016369] cloud-init[953]: Cloud-init v. 21.1-19-gbad84ad4-0ubuntu1~16.04.2 running 'init' at Fri, 17 May 2024 06:35:42 +0000. Up 9.70 seconds.
[   10.017647] cloud-init[953]: ci-info: ++++++++++++++++++++++++++++++++++++++Net device info++++++++++++++++++++++++++++++++++++++
[   10.018827] cloud-init[953]: ci-info: +--------+------+----------------------------+---------------+--------+-------------------+
[   10.020227] cloud-init[953]: ci-info: | Device |  Up  |          Address           |      Mask     | Scope  |     Hw-Address    |
[   10.021617] cloud-init[953]: ci-info: +--------+------+----------------------------+---------------+--------+-------------------+
[   10.022919] cloud-init[953]: ci-info: | enp0s3 | True |         10.0.2.15          | 255.255.255.0 | global | 02:be:82:6b:cc:1d |
[   10.024082] cloud-init[953]: ci-info: | enp0s3 | True | fe80::be:82ff:fe6b:cc1d/64 |       .       |  link  | 02:be:82:6b:cc:1d |
[   10.025220] cloud-init[953]: ci-info: |   lo   | True |         127.0.0.1          |   255.0.0.0   |  host  |         .         |
[   10.026300] cloud-init[953]: ci-info: |   lo   | True |          ::1/128           |       .       |  host  |         .         |
[   10.027375] cloud-init[953]: ci-info: +--------+------+----------------------------+---------------+--------+-------------------+
[   10.028432] cloud-init[953]: ci-info: +++++++++++++++++++++++++++Route IPv4 info++++++++++++++++++++++++++++
[   10.029341] cloud-init[953]: ci-info: +-------+-------------+----------+---------------+-----------+-------+
[   10.030282] cloud-init[953]: ci-info: | Route | Destination | Gateway  |    Genmask    | Interface | Flags |
[   10.031312] cloud-init[953]: ci-info: +-------+-------------+----------+---------------+-----------+-------+
[   10.032215] cloud-init[953]: ci-info: |   0   |   0.0.0.0   | 10.0.2.2 |    0.0.0.0    |   enp0s3  |   UG  |
[   10.033246] cloud-init[953]: ci-info: |   1   |   10.0.2.0  | 0.0.0.0  | 255.255.255.0 |   enp0s3  |   U   |
[   10.034250] cloud-init[953]: ci-info: +-------+-------------+----------+---------------+-----------+-------+
[   10.035201] cloud-init[953]: ci-info: +++++++++++++++++++Route IPv6 info+++++++++++++++++++
[   10.041080] cloud-init[953]: ci-info: +-------+-------------+---------+-----------+-------+
[   10.041879] cloud-init[953]: ci-info: | Route | Destination | Gateway | Interface | Flags |
[   10.042680] cloud-init[953]: ci-info: +-------+-------------+---------+-----------+-------+
[   10.043616] cloud-init[953]: ci-info: |   0   |  fe80::/64  |    ::   |   enp0s3  |   U   |
[   10.044524] cloud-init[953]: ci-info: |   3   |   ff00::/8  |    ::   |   enp0s3  |   U   |
[   10.045395] cloud-init[953]: ci-info: +-------+-------------+---------+-----------+-------+
[   10.046183] cloud-init[953]: Generating public/private rsa key pair.
[   10.046850] cloud-init[953]: Your identification has been saved in /etc/ssh/ssh_host_rsa_key.
[   10.047685] cloud-init[953]: Your public key has been saved in /etc/ssh/ssh_host_rsa_key.pub.
[   10.048491] cloud-init[953]: The key fingerprint is:
[   10.049115] cloud-init[953]: SHA256:zpmTp1IjmJoL1nKJj2w7xuo95WN2SKBppeoHKtVE8TQ root@ubuntu-xenial
[   10.049979] cloud-init[953]: The key's randomart image is:
[   10.056648] cloud-init[953]: +---[RSA 2048]----+
[   10.057198] cloud-init[953]: |    ..E          |
[   10.057872] cloud-init[953]: |    .o .         |
[   10.058411] cloud-init[953]: |   .  .          |
[   10.059009] cloud-init[953]: |   o.            |
[   10.059632] cloud-init[953]: |  =o.o  S        |
[   10.060244] cloud-init[953]: | *+ =o.oo+       |
[   10.060838] cloud-init[953]: |*=.*+ .oB..      |
[   10.061431] cloud-init[953]: |**Oo *.. +       |
[   10.062020] cloud-init[953]: |O*=++ o..        |
[   10.062620] cloud-init[953]: +----[SHA256]-----+
[   10.063179] cloud-init[953]: Generating public/private dsa key pair.
[   10.063875] cloud-init[953]: Your identification has been saved in /etc/ssh/ssh_host_dsa_key.
[   10.064715] cloud-init[953]: Your public key has been saved in /etc/ssh/ssh_host_dsa_key.pub.
[   10.065608] cloud-init[953]: The key fingerprint is:
[   10.066167] cloud-init[953]: SHA256:yoeyxfBnFkB9TgnBjUe4msZFRZQSiUomaU1MEvywVHc root@ubuntu-xenial
[   10.067142] cloud-init[953]: The key's randomart image is:
[   10.067694] cloud-init[953]: +---[DSA 1024]----+
[   10.068302] cloud-init[953]: | .oO+ o+E&=o     |
[   10.076377] cloud-init[953]: |  B.=o..O B      |
[   10.076926] cloud-init[953]: | o B ... B       |
[   10.077520] cloud-init[953]: |  . o  .o .      |
[   10.078111] cloud-init[953]: |    .. +S        |
[   10.078690] cloud-init[953]: |     ==o .       |
[   10.079303] cloud-init[953]: |    ..B =        |
[[0;32m  OK  [0m] Started Initial cloud-init job (metadata service crawler).
[[0;32m  OK  [0m] Reached target Network is Online.
[   10.079845] cloud-init[953]: |     + =         |
[   10.082058] cloud-init[953]: |    .            |
[   10.082616] cloud-init[953]: +----[SHA256]-----+
[   10.083155] cloud-init[953]: Generating public/private ecdsa key pair.
[   10.083834] cloud-init[953]: Your identification has been saved in /etc/ssh/ssh_host_ecdsa_key.
[   10.084678] cloud-init[953]: Your public key has been saved in /etc/ssh/ssh_host_ecdsa_key.pub.
[   10.097176] cloud-init[953]: The key fingerprint is:
[   10.097769] cloud-init[953]: SHA256:dssB3MSYhhXR+lBbkdXKP6lBGFN8Oe4/yBwmoCWlAMM root@ubuntu-xenial
[   10.098768] cloud-init[953]: The key's randomart image is:
[   10.099434] cloud-init[953]: +---[ECDSA 256]---+
         Starting iSCSI initiator daemon (iscsid)...
[[0;32m  OK  [0m] Reached target System Initialization.
[[0;32m  OK  [0m] Listening on UUID daemon activation socket.
[   10.099984] cloud-init[953]: |  .o.  o+B. +=...|
         Starting LXD - unix socket.
[[0;32m  OK  [0m] Started Message of the Day.
[[0;32m  OK  [0m] Started Ubuntu Advantage update messaging.
[[0;32m  OK  [0m] Started Daily apt download activities.
         Starting Socket activation for snappy daemon.
[[0;32m  OK  [0m] Listening on ACPID Listen Socket.
[[0;32m  OK  [0m] Started Daily apt upgrade and clean activities.
[[0;32m  OK  [0m] Listening on D-Bus System Message Bus Socket.
[   10.109620] cloud-init[953]: |   E....+++oo. +.|
[   10.115085] cloud-init[[953]: [0;32m  OK  [0m|      ..=o.o+.o..|] 
Started ACPI Events Check.
[   10.115938] [cloud-init[0;32m  OK  [0m[953]: ] |       oo+.. .o. |Reached target Paths.

[[0;32m  OK  [0m] Started Daily Cleanup of Temporary Directories.
[[   10.116540] [0;32m  OK  [0mcloud-init] [953]: Reached target Timers.|        So+ . ...|

[   10.118888] [[0;32m  OK  [0m] Reached target Cloud-config availability.
cloud-init[953]: |       o o.+ + +.|
[   10.120349] cloud-init[953]: |          o = = o|
[[0;32m  OK  [0m] Listening on LXD - unix socket.
[[0;32m  OK  [0m] Listening on Socket activation for snappy daemon.
[[0;32m  OK  [0m] Started iSCSI initiator daemon (iscsid).
[   10.121414] cloud-init[953]: |             = ..|
[   10.129895] cloud-init[953]: |                .|
[   10.130553]          Starting Login to default iSCSI targets...
[[0;32m  OK  [0m] Reached target Sockets.
cloud-init[953]: +----[SHA256]-----+
[   10.131794] [[0;32m  OK  [0m] Reached target Basic System.
cloud-init[953]: Generating public/private ed25519 key pair.         Starting LSB: MD monitoring daemon...

[   10.133552]          Starting System Logging Service...
cloud-init[953]: Your identification has been saved in /etc/ssh/ssh_host_ed25519_key.         Starting Pollinate to seed the pseudo random number generator...
         Starting LXD - container startup/shutdown...

         Starting /etc/rc.local Compatibility...
[   10.136771] cloud-init[953]: Your public key has been saved in /etc/ssh/ssh_host_ed25519_key.pub.
[   10.138022] cloud-init[953]: The key fingerprint is:
[[0;32m  OK  [0m] Started D-Bus System Message Bus.
[   10.143560] cloud-init[953]: SHA256:w8dZWOhXQvAAc9w44u+WrCobQ/aeJxSwvjG5ym07uEo root@ubuntu-xenial
[   10.145653] cloud-init[953]: The key's randomart image is:
[   10.147285] cloud-init[953]: +--[ED25519 256]--+
[   10.148372] cloud-init[953]: |        oo+*o    |
[   10.149735] cloud-init[953]: |    .   .o==o .  |
[   10.150728] cloud-init[953]: |     o . o..oo   |
[   10.151882] cloud-init[953]: |    . .....o.    |
[   10.155806] cloud-init[953]: |   .o. .S.+.     |
[   10.157746] cloud-init[953]: |   o=..  o.      |
[   10.160345] cloud-init[953]: | E .o*.  o .     |
[   10.161631] cloud-init[953]: |....*+... =      |
[   10.162759] cloud-init[953]: |..+++=++.o       |
[   10.163602] cloud-init[953]: +----[SHA256]-----+
[[0;32m  OK  [0m] Started Deferred execution scheduler.
         Starting Snap Daemon...
[[0;32m  OK  [0m] Started Regular background program processing daemon.
         Starting LSB: Record successful boot for GRUB...
         Starting Virtualbox guest utils...
         Starting Login Service...
         Starting Accounts Service...
[[0;32m  OK  [0m] Started ACPI event daemon.
[[0;32m  OK  [0m] Started FUSE filesystem for LXC.
[[0;32m  OK  [0m] Started System Logging Service.
[[0;32m  OK  [0m] Started /etc/rc.local Compatibility.
[[0;32m  OK  [0m] Started Login Service.
[[0;32m  OK  [0m] Started Unattended Upgrades Shutdown.
[[0;32m  OK  [0m] Started LSB: MD monitoring daemon.
[[0;32m  OK  [0m] Started Login to default iSCSI targets.
[[0;32m  OK  [0m] Started LSB: Record successful boot for GRUB.
[[0;32m  OK  [0m] Reached target Remote File Systems (Pre).
[[0;32m  OK  [0m] Reached target Remote File Systems.
         Starting LSB: Set the CPU Frequency Scaling governor to "ondemand"...
         Starting LSB: automatic crash report generation...
         Starting LSB: daemon to balance interrupts for SMP systems...
         Starting Permit User Sessions...
[[0;32m  OK  [0m] Started LXD - container startup/shutdown.
[[0;32m  OK  [0m] Started Permit User Sessions.
         Starting Hold until boot process finishes up...
         Starting Terminate Plymouth Boot Screen...
[[0;32m  OK  [0m] Started Hold until boot process finishes up.
[[0;32m  OK  [0m] Started Getty on tty1.
         Starting Set console scheme...
[[0;32m  OK  [0m] Started Serial Getty on ttyS0.
[[0;32m  OK  [0m] Reached target Login Prompts.
[[0;32m  OK  [0m] Started Terminate Plymouth Boot Screen.
[[0;32m  OK  [0m] Started Set console scheme.
[[0;32m  OK  [0m] Started LSB: Set the CPU Frequency Scaling governor to "ondemand".
[[0;32m  OK  [0m] Started LSB: daemon to balance interrupts for SMP systems.
         Starting Authenticate and Authorize Users to Run Privileged Tasks...
[[0;32m  OK  [0m] Started LSB: automatic crash report generation.
[[0;32m  OK  [0m] Started Authenticate and Authorize Users to Run Privileged Tasks.
[[0;32m  OK  [0m] Started Accounts Service.
[[0;32m  OK  [0m] Started Virtualbox guest utils.
[[0;32m  OK  [0m] Started Snap Daemon.
         Starting Wait until snapd is fully seeded...
[[0;32m  OK  [0m] Started Wait until snapd is fully seeded.
         Starting Apply the settings specified in cloud-config...
[[0;32m  OK  [0m] Started Pollinate to seed the pseudo random number generator.
         Starting OpenBSD Secure Shell server...
[[0;32m  OK  [0m] Started OpenBSD Secure Shell server.
[[0;32m  OK  [0m] Reached target Multi-User System.
[[0;32m  OK  [0m] Reached target Graphical Interface.
         Starting Update UTMP about System Runlevel Changes...
[[0;32m  OK  [0m] Started Update UTMP about System Runlevel Changes.
[   10.815981] cloud-init[1278]: Generating locales (this might take a while)...
[   11.442880] cloud-init[1278]:   en_US.UTF-8... done
[   11.443731] cloud-init[1278]: Generation complete.
[   11.629372] cloud-init[1278]: Cloud-init v. 21.1-19-gbad84ad4-0ubuntu1~16.04.2 running 'modules:config' at Fri, 17 May 2024 06:35:43 +0000. Up 10.74 seconds.
[[0;32m  OK  [0m] Started Apply the settings specified in cloud-config.
         Starting Execute cloud user/final scripts...
ci-info: no authorized SSH keys fingerprints found for user ubuntu.
<14>May 17 06:35:44 ec2: 
<14>May 17 06:35:44 ec2: #############################################################
<14>May 17 06:35:44 ec2: -----BEGIN SSH HOST KEY FINGERPRINTS-----
<14>May 17 06:35:44 ec2: 1024 SHA256:yoeyxfBnFkB9TgnBjUe4msZFRZQSiUomaU1MEvywVHc root@ubuntu-xenial (DSA)
<14>May 17 06:35:44 ec2: 256 SHA256:dssB3MSYhhXR+lBbkdXKP6lBGFN8Oe4/yBwmoCWlAMM root@ubuntu-xenial (ECDSA)
<14>May 17 06:35:44 ec2: 256 SHA256:w8dZWOhXQvAAc9w44u+WrCobQ/aeJxSwvjG5ym07uEo root@ubuntu-xenial (ED25519)
<14>May 17 06:35:44 ec2: 2048 SHA256:zpmTp1IjmJoL1nKJj2w7xuo95WN2SKBppeoHKtVE8TQ root@ubuntu-xenial (RSA)
<14>May 17 06:35:44 ec2: -----END SSH HOST KEY FINGERPRINTS-----
<14>May 17 06:35:44 ec2: #############################################################
-----BEGIN SSH HOST KEY KEYS-----
ecdsa-sha2-nistp256 AAAAE2VjZHNhLXNoYTItbmlzdHAyNTYAAAAIbmlzdHAyNTYAAABBBF/tGn1X4vmwlY6oc6S719dpB1udqmBd0tku16fs0Ixk8N8OkrWs1PaOiEmVxaL1PLQViVovW31aUIyyQDSzVlU= root@ubuntu-xenial
ssh-ed25519 AAAAC3NzaC1lZDI1NTE5AAAAIMS9qePs9zFj4OD4VP44iog0X7KibcvV11yiEct20vQU root@ubuntu-xenial
ssh-rsa AAAAB3NzaC1yc2EAAAADAQABAAABAQC8D8sc+w7xAsyqHFQGuleLRJdacqbn3662yy8iqZGO9pTFP/HI+uK7JXUlqO5QUlYMFb+vtk1BSgRrcyJja+noBX6m+iXoUz+dwOz0rtmnxs2nBnvXMqNFZANWvB/31gAKvd25tRsD1PqHZ3EP1LheaEB8uqn+6wHQleBZXdEMjzsctpv6FH/Qr3sUG5y4WBu6HVUoAYSsxL7IxNaisevBzgAX9tlmDbjs69TbN5ANtXT5qbpYYB/aNnUBipsq9REaGvSuDvi5Nq/K1Ya4YeuXfUk4S8PtWSL3porZIUcpgwWFW/Jl0nNzD95+YWdngvEi8M1Pzk4jQvS+P5ARVkr/ root@ubuntu-xenial
-----END SSH HOST KEY KEYS-----
[   11.950111] cloud-init[1340]: Cloud-init v. 21.1-19-gbad84ad4-0ubuntu1~16.04.2 running 'modules:final' at Fri, 17 May 2024 06:35:44 +0000. Up 11.84 seconds.
[   11.951331] cloud-init[1340]: ci-info: no authorized SSH keys fingerprints found for user ubuntu.
[   11.952200] cloud-init[1340]: Cloud-init v. 21.1-19-gbad84ad4-0ubuntu1~16.04.2 finished at Fri, 17 May 2024 06:35:44 +0000. Datasource DataSourceNoCloud [seed=/dev/sdb][dsmode=net].  Up 11.94 seconds
[[0;32m  OK  [0m] Started Execute cloud user/final scripts.
[[0;32m  OK  [0m] Reached target Cloud-init target.

Ubuntu 16.04.7 LTS ubuntu-xenial ttyS0

ubuntu-xenial login: 